Bï¿½ï¿½Â‚Jbï¿½ï¿½ï¿½m[0m
[0;32mI (114) esp_image: ï¿½ESP-ROM:esp32s3-20210327
Build:Mar 27 2021
rst:0x1 (POWERON),boot:0x8 (SPI_FAST_FLASH_BOOT)
SPIWP:0xee
mode:DIO, clock div:1
load:0x3fce2810,len:0x178c
load:0x403c8700,len:0x4
load:0x403c8704,len:0xcb8
load:0x403cb700,len:0x2da0
entry 0x403c8914
[0;32mI (27) boot: ESP-IDF v5.3-dev-2032-g4d90eedb6e-dirty 2nd stage bootloader[0m
[0;32mI (27) boot: compile time Aug 14 2024 13:32:09[0m
[0;32mI (28) boot: Multicore bootloader[0m
[0;32mI (32) boot: chip revision: v0.2[0m
[0;32mI (36) boot.esp32s3: Boot SPI Speed : 80MHz[0m
[0;32mI (41) boot.esp32s3: SPI Mode       : DIO[0m
[0;32mI (45) boot.esp32s3: SPI Flash Size : 2MB[0m
[0;32mI (50) boot: Enabling RNG early entropy source...[0m
[0;32mI (56) boot: Partition Table:[0m
[0;32mI (59) boot: ## Label            Usage          Type ST Offset   Length[0m
[0;32mI (66) boot:  0 nvs              WiFi data        01 02 00009000 00006000[0m
[0;32mI (74) boot:  1 phy_init         RF data          01 01 0000f000 00001000[0m
[0;32mI (81) boot:  2 factory          factory app      00 00 00010000 00100000[0m
[0;32mI (89) boot: End of partition table[0m
[0;32mI (93) esp_image: segment 0: paddr=00010020 vaddr=3c020020 size=0f064h ( 61540) map[0m
[0;32mI (112) esp_image: segment 1: paddr=0001f08c vaddr=3fc94300 size=00f8ch (  3980) load[0m
[0;32mI (114) esp_image: segment 2: paddr=00020020 vaddr=42000020 size=1e27ch (123516) map[0m
[0;32mI (140) esp_image: segment 3: paddr=0003e2a4 vaddr=3fc9528c size=01e18h (  7704) load[0m
[0;32mI (142) esp_image: segment 4: paddr=000400c4 vaddr=40374000 size=102c4h ( 66244) load[0m
[0;32mI (167) boot: Loaded app from partition at offset 0x10000[0m
[0;32mI (167) boot: Disabling RNG early entropy source...[0m
[0;32mI (179) cpu_start: Multicore app[0m
[0;32mI (189) cpu_start: Pro cpu start user code[0m
[0;32mI (189) cpu_start: cpu freq: 160000000 Hz[0m
[0;32mI (189) app_init: Application information:[0m
[0;32mI (192) app_init: Project name:     ir_nec_transceiver[0m
[0;32mI (198) app_init: App version:      7ea5801-dirty[0m
[0;32mI (203) app_init: Compile time:     Aug 14 2024 13:32:05[0m
[0;32mI (209) app_init: ELF file SHA256:  638c233f7...[0m
[0;32mI (214) app_init: ESP-IDF:          v5.3-dev-2032-g4d90eedb6e-dirty[0m
[0;32mI (221) app_init: Min chip rev:     v0.0[0m
[0;32mI (226) app_init: Max chip rev:     v0.99 [0m
[0;32mI (231) app_init: Chip rev:         v0.2[0m
[0;32mI (235) heap_init: Initializing. RAM available for dynamic allocation:[0m
[0;32mI (243) heap_init: At 3FC979A8 len 00051D68 (327 KiB): RAM[0m
[0;32mI (249) heap_init: At 3FCE9710 len 00005724 (21 KiB): RAM[0m
[0;32mI (255) heap_init: At 3FCF0000 len 00008000 (32 KiB): DRAM[0m
[0;32mI (261) heap_init: At 600FE010 len 00001FD8 (7 KiB): RTCRAM[0m
[0;32mI (268) spi_flash: detected chip: generic[0m
[0;32mI (272) spi_flash: flash io: dio[0m
[0;33mW (276) spi_flash: Detected size(8192k) larger than the size in the binary image header(2048k). Using the size in the binary image header.[0m
[0;32mI (289) sleep: Configure to isolate all GPIO pins in sleep state[0m
[0;32mI (296) sleep: Enable automatic switching of GPIO sleep configuration[0m
[0;32mI (303) main_task: Started on CPU0[0m
[0;32mI (323) main_task: Calling app_main()[0m
[0;32mI (323) gpio: GPIO[4]| InputEn: 0| OutputEn: 1| OpenDrain: 0| Pullup: 0| Pulldown: 0| Intr:0 [0m
[0;32mI (323) gpio: GPIO[13]| InputEn: 0| OutputEn: 1| OpenDrain: 0| Pullup: 0| Pulldown: 0| Intr:0 [0m
[0;32mI (333) gpio: GPIO[14]| InputEn: 0| OutputEn: 1| OpenDrain: 0| Pullup: 0| Pulldown: 0| Intr:0 [0m
[0;32mI (343) gpio: GPIO[37]| InputEn: 0| OutputEn: 1| OpenDrain: 0| Pullup: 0| Pulldown: 0| Intr:0 [0m
[0;32mI (353) gpio: GPIO[36]| InputEn: 1| OutputEn: 0| OpenDrain: 0| Pullup: 1| Pulldown: 0| Intr:0 [0m
[0;32mI (363) example: create RMT RX channel[0m
[0;32mI (363) gpio: GPIO[18]| InputEn: 1| OutputEn: 0| OpenDrain: 0| Pullup: 1| Pulldown: 0| Intr:0 [0m
[0;32mI (373) example: register RX done callback[0m
[0;32mI (383) example: create RMT TX channel[0m
[0;32mI (383) gpio: GPIO[17]| InputEn: 0| OutputEn: 1| OpenDrain: 0| Pullup: 1| Pulldown: 0| Intr:0 [0m
[0;32mI (393) example: modulate carrier to TX channel[0m
[0;32mI (403) example: install IR NEC encoder[0m
[0;32mI (403) example: enable RMT TX and RX channels[0m
[0;32mI (3413) BUTTON: Button pressed[0m
NEC frame start---
{0:9013},{1:4486}
{0:563},{1:541}
{0:590},{1:542}
{0:564},{1:543}
{0:588},{1:542}
{0:563},{1:568}
{0:563},{1:542}
{0:564},{1:1699}
{0:563},{1:542}
{0:587},{1:545}
{0:562},{1:544}
{0:588},{1:1674}
{0:563},{1:542}
{0:589},{1:542}
{0:562},{1:570}
{0:563},{1:541}
{0:565},{1:567}
{0:563},{1:1673}
{0:589},{1:1675}
{0:563},{1:542}
{0:589},{1:542}
{0:564},{1:542}
{0:589},{1:542}
{0:562},{1:568}
{0:564},{1:542}
{0:563},{1:569}
{0:562},{1:543}
{0:588},{1:569}
{0:538},{1:544}
{0:587},{1:542}
{0:563},{1:568}
{0:564},{1:542}
{0:563},{1:569}
{0:562},{1:0}
---NEC frame end: Address=0440, Command=0003

Signal received from Player: GREEN
